=== VALIDACIÓN DE ACCESO DESDE NAVEGADOR (Playwright) — 2026-06-25 ===
URL correcta: http://ec2-52-54-141-187.compute-1.amazonaws.com:3000   (HTTP, puerto 3000)

DIAGNÓSTICO:
- TCP/HTTP a :3000 desde la máquina del usuario: ABIERTO, /healthz=200 => el Security Group
  NO era el problema (3000 estaba abierto).
- Playwright (1ª corrida): la página cargaba (título "Bluegrid OCR", proxy /api/v1/health=200)
  PERO hacía:
    GET http://ec2-3-88-206-17.compute-1.amazonaws.com:8000/  -> ERR_CONNECTION_TIMED_OUT
  Causa raíz: el .env de la EC2 tenía API_BASE_URL=http://ec2-3-88-206-17...:8000 (HOST VIEJO,
  muerto tras el stop/start). El frontend ignoraba el proxy y llamaba al backend viejo:8000;
  además se quedaba en la pantalla de carga esperando ese timeout.

CORRECCIÓN (en .env de la EC2, gitignored):
  API_BASE_URL=            (vacío => usa proxy same-origin /api, Opción B)
  ALLOWED_ORIGINS=http://ec2-52-54-141-187.compute-1.amazonaws.com:3000,http://localhost:3000,...
  docker compose up -d --force-recreate   (config.js regenerado: API_BASE_URL: "")

VALIDACIÓN (Playwright, 2ª corrida):
- login form visible -> login admin OK (el formulario desaparece, carga el dashboard).
- llamadas API: TODAS a http://ec2-52-54-141-187...:3000/api/v1/* (same-origin vía proxy):
  /auth/login, /dashboard/data, /context/zonas, /analytics/buzos, /context/embarcaciones, ...
- llamadas al host viejo / :8000 : NINGUNA.
- requests fallidos: ninguno.
Screenshots: scratchpad/ec2_login_fixed.png, scratchpad/ec2_post_login.png

NOTA: con API_BASE_URL vacío (proxy same-origin), el frontend queda IP-agnóstico: futuros
stop/start no rompen el cableado frontend->backend; solo cambia la URL pública a teclear.
